src/App.tsx(6,1): error TS6133: 'ScenePayload' is declared but its value is never read.
src/App.tsx(13,21): error TS6133: 'setIsLoading' is declared but its value is never read.
src/App.tsx(14,26): error TS6133: 'setBakingProgress' is declared but its value is never read.
src/hooks/index.ts(2,33): error TS2307: Cannot find module './useBVH' or its corresponding type declarations.
src/hooks/index.ts(3,45): error TS2307: Cannot find module './useBVH' or its corresponding type declarations.
src/hooks/index.ts(6,44): error TS2307: Cannot find module './useGLBData' or its corresponding type declarations.
src/hooks/index.ts(7,77): error TS2307: Cannot find module './useGLBData' or its corresponding type declarations.
src/workers/raytracer.worker.ts(114,18): error TS2339: Property 'updateScene' does not exist on type 'WebGLPathTracer'.
